BEGIN 1:DMEM:fast:work
    memory :  1:RISC_V_pipe_line_tb:fast:work
END 
BEGIN 1:RISC_V_pipe_line:fast:work
    IF_PC :  1:RISC_V_pipe_line_tb:fast:work
    ForwardB :  1:RISC_V_pipe_line_tb:fast:work
    PC_EN :  1:RISC_V_pipe_line_tb:fast:work
    EX_Mispredicted :  1:RISC_V_pipe_line_tb:fast:work
    EX_Instruction :  1:RISC_V_pipe_line_tb:fast:work
    ForwardA :  1:RISC_V_pipe_line_tb:fast:work
    IF_Instruction :  1:RISC_V_pipe_line_tb:fast:work
    IF_BTB_Hit :  1:RISC_V_pipe_line_tb:fast:work
    EX_Control_signals :  1:RISC_V_pipe_line_tb:fast:work
END 
BEGIN 1:Register:fast:work
    Register :  1:RISC_V_pipe_line_tb:fast:work
END 
BEGIN 1:IMEM:fast:work
    memory :  1:RISC_V_pipe_line_tb:fast:work
END 
